// Jest Snapshot v1, https://goo.gl/fbAQLP

exports[`matches snapshot 1`] = `
<img
  alt="loading-spinner"
  src="ripple.svg"
/>
`;
