// Jest Snapshot v1, https://goo.gl/fbAQLP

exports[`matches snapshot 1`] = `
<div
  className="sc-bdVaJa pLCSA"
>
  <img
    alt="avatar"
    className="sc-bwzfXH uTxCW"
    id="avatar-image"
    src="https://www.gravatar.com/avatar/b642b4217b34b1e8d3bd915fc65c4452?s=130"
  />
</div>
`;
